// Jest Snapshot v1, https://goo.gl/fbAQLP

exports[`ArticlesCell renders Success successfully 1`] = `
Object {
  "asFragment": [Function],
  "baseElement": <body>
    <div>
      <article
        class="mb-6 last:mb-0"
      >
        <header>
          <h2
            class="text-xl text-blue-700 font-semibold"
          >
            <a
              href="/article/1"
            >
              First Post
            </a>
          </h2>
        </header>
        <div
          class="mt-2 text-gray-900 font-light"
        >
          Neutra tacos hot chicken prism raw denim, put a bird on it enamel pin post-ironic vape cred DIY. Str...
        </div>
        <div
          class="mt-2 text-gray-600 text-sm italic font-light"
        >
          Posted at: 
          2020-01-01T12:34:56Z
        </div>
      </article>
      <article
        class="mb-6 last:mb-0"
      >
        <header>
          <h2
            class="text-xl text-blue-700 font-semibold"
          >
            <a
              href="/article/2"
            >
              Second Post
            </a>
          </h2>
        </header>
        <div
          class="mt-2 text-gray-900 font-light"
        >
          Master cleanse gentrify irony put a bird on it hexagon enamel pin. Pop-up man braid artisan pug tild...
        </div>
        <div
          class="mt-2 text-gray-600 text-sm italic font-light"
        >
          Posted at: 
          2020-01-01T12:34:56Z
        </div>
      </article>
    </div>
  </body>,
  "container": <div>
    <article
      class="mb-6 last:mb-0"
    >
      <header>
        <h2
          class="text-xl text-blue-700 font-semibold"
        >
          <a
            href="/article/1"
          >
            First Post
          </a>
        </h2>
      </header>
      <div
        class="mt-2 text-gray-900 font-light"
      >
        Neutra tacos hot chicken prism raw denim, put a bird on it enamel pin post-ironic vape cred DIY. Str...
      </div>
      <div
        class="mt-2 text-gray-600 text-sm italic font-light"
      >
        Posted at: 
        2020-01-01T12:34:56Z
      </div>
    </article>
    <article
      class="mb-6 last:mb-0"
    >
      <header>
        <h2
          class="text-xl text-blue-700 font-semibold"
        >
          <a
            href="/article/2"
          >
            Second Post
          </a>
        </h2>
      </header>
      <div
        class="mt-2 text-gray-900 font-light"
      >
        Master cleanse gentrify irony put a bird on it hexagon enamel pin. Pop-up man braid artisan pug tild...
      </div>
      <div
        class="mt-2 text-gray-600 text-sm italic font-light"
      >
        Posted at: 
        2020-01-01T12:34:56Z
      </div>
    </article>
  </div>,
  "debug": [Function],
  "findAllByAltText": [Function],
  "findAllByDisplayValue": [Function],
  "findAllByLabelText": [Function],
  "findAllByPlaceholderText": [Function],
  "findAllByRole": [Function],
  "findAllByTestId": [Function],
  "findAllByText": [Function],
  "findAllByTitle": [Function],
  "findByAltText": [Function],
  "findByDisplayValue": [Function],
  "findByLabelText": [Function],
  "findByPlaceholderText": [Function],
  "findByRole": [Function],
  "findByTestId": [Function],
  "findByText": [Function],
  "findByTitle": [Function],
  "getAllByAltText": [Function],
  "getAllByDisplayValue": [Function],
  "getAllByLabelText": [Function],
  "getAllByPlaceholderText": [Function],
  "getAllByRole": [Function],
  "getAllByTestId": [Function],
  "getAllByText": [Function],
  "getAllByTitle": [Function],
  "getByAltText": [Function],
  "getByDisplayValue": [Function],
  "getByLabelText": [Function],
  "getByPlaceholderText": [Function],
  "getByRole": [Function],
  "getByTestId": [Function],
  "getByText": [Function],
  "getByTitle": [Function],
  "queryAllByAltText": [Function],
  "queryAllByDisplayValue": [Function],
  "queryAllByLabelText": [Function],
  "queryAllByPlaceholderText": [Function],
  "queryAllByRole": [Function],
  "queryAllByTestId": [Function],
  "queryAllByText": [Function],
  "queryAllByTitle": [Function],
  "queryByAltText": [Function],
  "queryByDisplayValue": [Function],
  "queryByLabelText": [Function],
  "queryByPlaceholderText": [Function],
  "queryByRole": [Function],
  "queryByTestId": [Function],
  "queryByText": [Function],
  "queryByTitle": [Function],
  "rerender": [Function],
  "unmount": [Function],
}
`;
